 ⨯ [Error: ENOENT: no such file or directory, open 'C:\Projects\raj-erp\frontend\.next\server\app-paths-manifest.json'] {
  errno: -4058,
  code: 'ENOENT',
  syscall: 'open',
  path: 'C:\\Projects\\raj-erp\\frontend\\.next\\server\\app-paths-manifest.json',
  page: '/accounts/ledgers'
}
 ⨯ Error: Cannot find module './548.js'
Require stack:
- C:\Projects\raj-erp\frontend\.next\server\webpack-runtime.js
- C:\Projects\raj-erp\frontend\.next\server\pages\_document.js
- C:\Projects\raj-erp\frontend\node_modules\next\dist\server\require.js
- C:\Projects\raj-erp\frontend\node_modules\next\dist\server\load-components.js
- C:\Projects\raj-erp\frontend\node_modules\next\dist\build\utils.js
- C:\Projects\raj-erp\frontend\node_modules\next\dist\build\swc\options.js
- C:\Projects\raj-erp\frontend\node_modules\next\dist\build\swc\index.js
- C:\Projects\raj-erp\frontend\node_modules\next\dist\build\next-config-ts\transpile-config.js
- C:\Projects\raj-erp\frontend\node_modules\next\dist\server\config.js
- C:\Projects\raj-erp\frontend\node_modules\next\dist\server\next.js
- C:\Projects\raj-erp\frontend\node_modules\next\dist\server\lib\start-server.js
    at <unknown> (C:\Projects\raj-erp\frontend\.next\server\pages\_error.js:19:20161)
    at Object.<anonymous> (C:\Projects\raj-erp\frontend\.next\server\pages\_error.js:19:20207) {
  code: 'MODULE_NOT_FOUND',
  requireStack: [Array]
}
 ⨯ [Error: ENOENT: no such file or directory, open 'C:\Projects\raj-erp\frontend\.next\routes-manifest.json'] {
  errno: -4058,
  code: 'ENOENT',
  syscall: 'open',
  path: 'C:\\Projects\\raj-erp\\frontend\\.next\\routes-manifest.json'
}
 ⨯ Error: Cannot find module './186.js'
Require stack:
- C:\Projects\raj-erp\frontend\.next\server\webpack-runtime.js
- C:\Projects\raj-erp\frontend\.next\server\app\_not-found\page.js
- C:\Projects\raj-erp\frontend\node_modules\next\dist\server\require.js
- C:\Projects\raj-erp\frontend\node_modules\next\dist\server\load-components.js
- C:\Projects\raj-erp\frontend\node_modules\next\dist\build\utils.js
- C:\Projects\raj-erp\frontend\node_modules\next\dist\build\swc\options.js
- C:\Projects\raj-erp\frontend\node_modules\next\dist\build\swc\index.js
- C:\Projects\raj-erp\frontend\node_modules\next\dist\build\next-config-ts\transpile-config.js
- C:\Projects\raj-erp\frontend\node_modules\next\dist\server\config.js
- C:\Projects\raj-erp\frontend\node_modules\next\dist\server\next.js
- C:\Projects\raj-erp\frontend\node_modules\next\dist\server\lib\start-server.js
    at <unknown> (C:\Projects\raj-erp\frontend\.next\server\app\accounts\ledgers\page.js:2:7479)
    at Object.<anonymous> (C:\Projects\raj-erp\frontend\.next\server\app\accounts\ledgers\page.js:2:7529) {
  code: 'MODULE_NOT_FOUND',
  requireStack: [Array],
  page: '/accounts/ledgers'
}
 ⨯ Error: Cannot find module './548.js'
Require stack:
- C:\Projects\raj-erp\frontend\.next\server\webpack-runtime.js
- C:\Projects\raj-erp\frontend\.next\server\app\_not-found\page.js
- C:\Projects\raj-erp\frontend\node_modules\next\dist\server\require.js
- C:\Projects\raj-erp\frontend\node_modules\next\dist\server\load-components.js
- C:\Projects\raj-erp\frontend\node_modules\next\dist\build\utils.js
- C:\Projects\raj-erp\frontend\node_modules\next\dist\build\swc\options.js
- C:\Projects\raj-erp\frontend\node_modules\next\dist\build\swc\index.js
- C:\Projects\raj-erp\frontend\node_modules\next\dist\build\next-config-ts\transpile-config.js
- C:\Projects\raj-erp\frontend\node_modules\next\dist\server\config.js
- C:\Projects\raj-erp\frontend\node_modules\next\dist\server\next.js
- C:\Projects\raj-erp\frontend\node_modules\next\dist\server\lib\start-server.js
    at <unknown> (C:\Projects\raj-erp\frontend\.next\server\pages\_document.js:1:325)
    at Object.<anonymous> (C:\Projects\raj-erp\frontend\.next\server\pages\_document.js:1:371) {
  code: 'MODULE_NOT_FOUND',
  requireStack: [Array]
}
 ⚠ Fast Refresh had to perform a full reload. Read more: https://nextjs.org/docs/messages/fast-refresh-reload
 ⨯ Error: Cannot find module './186.js'
Require stack:
- C:\Projects\raj-erp\frontend\.next\server\webpack-runtime.js
- C:\Projects\raj-erp\frontend\.next\server\app\_not-found\page.js
- C:\Projects\raj-erp\frontend\node_modules\next\dist\server\require.js
- C:\Projects\raj-erp\frontend\node_modules\next\dist\server\load-components.js
- C:\Projects\raj-erp\frontend\node_modules\next\dist\build\utils.js
- C:\Projects\raj-erp\frontend\node_modules\next\dist\build\swc\options.js
- C:\Projects\raj-erp\frontend\node_modules\next\dist\build\swc\index.js
- C:\Projects\raj-erp\frontend\node_modules\next\dist\build\next-config-ts\transpile-config.js
- C:\Projects\raj-erp\frontend\node_modules\next\dist\server\config.js
- C:\Projects\raj-erp\frontend\node_modules\next\dist\server\next.js
- C:\Projects\raj-erp\frontend\node_modules\next\dist\server\lib\start-server.js
    at <unknown> (C:\Projects\raj-erp\frontend\.next\server\app\accounts\ledgers\page.js:2:7479)
    at Object.<anonymous> (C:\Projects\raj-erp\frontend\.next\server\app\accounts\ledgers\page.js:2:7529) {
  code: 'MODULE_NOT_FOUND',
  requireStack: [Array],
  page: '/accounts/ledgers'
}
 ⨯ Error: Cannot find module './548.js'
Require stack:
- C:\Projects\raj-erp\frontend\.next\server\webpack-runtime.js
- C:\Projects\raj-erp\frontend\.next\server\app\_not-found\page.js
- C:\Projects\raj-erp\frontend\node_modules\next\dist\server\require.js
- C:\Projects\raj-erp\frontend\node_modules\next\dist\server\load-components.js
- C:\Projects\raj-erp\frontend\node_modules\next\dist\build\utils.js
- C:\Projects\raj-erp\frontend\node_modules\next\dist\build\swc\options.js
- C:\Projects\raj-erp\frontend\node_modules\next\dist\build\swc\index.js
- C:\Projects\raj-erp\frontend\node_modules\next\dist\build\next-config-ts\transpile-config.js
- C:\Projects\raj-erp\frontend\node_modules\next\dist\server\config.js
- C:\Projects\raj-erp\frontend\node_modules\next\dist\server\next.js
- C:\Projects\raj-erp\frontend\node_modules\next\dist\server\lib\start-server.js
    at <unknown> (C:\Projects\raj-erp\frontend\.next\server\pages\_document.js:1:325)
    at Object.<anonymous> (C:\Projects\raj-erp\frontend\.next\server\pages\_document.js:1:371) {
  code: 'MODULE_NOT_FOUND',
  requireStack: [Array]
}
 ⨯ Error: Cannot find module './186.js'
Require stack:
- C:\Projects\raj-erp\frontend\.next\server\webpack-runtime.js
- C:\Projects\raj-erp\frontend\.next\server\app\_not-found\page.js
- C:\Projects\raj-erp\frontend\node_modules\next\dist\server\require.js
- C:\Projects\raj-erp\frontend\node_modules\next\dist\server\load-components.js
- C:\Projects\raj-erp\frontend\node_modules\next\dist\build\utils.js
- C:\Projects\raj-erp\frontend\node_modules\next\dist\build\swc\options.js
- C:\Projects\raj-erp\frontend\node_modules\next\dist\build\swc\index.js
- C:\Projects\raj-erp\frontend\node_modules\next\dist\build\next-config-ts\transpile-config.js
- C:\Projects\raj-erp\frontend\node_modules\next\dist\server\config.js
- C:\Projects\raj-erp\frontend\node_modules\next\dist\server\next.js
- C:\Projects\raj-erp\frontend\node_modules\next\dist\server\lib\start-server.js
    at <unknown> (C:\Projects\raj-erp\frontend\.next\server\app\accounts\ledgers\page.js:2:7479)
    at Object.<anonymous> (C:\Projects\raj-erp\frontend\.next\server\app\accounts\ledgers\page.js:2:7529) {
  code: 'MODULE_NOT_FOUND',
  requireStack: [Array],
  page: '/accounts/ledgers'
}
 ⨯ Error: Cannot find module './548.js'
Require stack:
- C:\Projects\raj-erp\frontend\.next\server\webpack-runtime.js
- C:\Projects\raj-erp\frontend\.next\server\app\_not-found\page.js
- C:\Projects\raj-erp\frontend\node_modules\next\dist\server\require.js
- C:\Projects\raj-erp\frontend\node_modules\next\dist\server\load-components.js
- C:\Projects\raj-erp\frontend\node_modules\next\dist\build\utils.js
- C:\Projects\raj-erp\frontend\node_modules\next\dist\build\swc\options.js
- C:\Projects\raj-erp\frontend\node_modules\next\dist\build\swc\index.js
- C:\Projects\raj-erp\frontend\node_modules\next\dist\build\next-config-ts\transpile-config.js
- C:\Projects\raj-erp\frontend\node_modules\next\dist\server\config.js
- C:\Projects\raj-erp\frontend\node_modules\next\dist\server\next.js
- C:\Projects\raj-erp\frontend\node_modules\next\dist\server\lib\start-server.js
    at <unknown> (C:\Projects\raj-erp\frontend\.next\server\pages\_document.js:1:325)
    at Object.<anonymous> (C:\Projects\raj-erp\frontend\.next\server\pages\_document.js:1:371) {
  code: 'MODULE_NOT_FOUND',
  requireStack: [Array]
}
 ⨯ Error: Cannot find module './186.js'
Require stack:
- C:\Projects\raj-erp\frontend\.next\server\webpack-runtime.js
- C:\Projects\raj-erp\frontend\.next\server\app\_not-found\page.js
- C:\Projects\raj-erp\frontend\node_modules\next\dist\server\require.js
- C:\Projects\raj-erp\frontend\node_modules\next\dist\server\load-components.js
- C:\Projects\raj-erp\frontend\node_modules\next\dist\build\utils.js
- C:\Projects\raj-erp\frontend\node_modules\next\dist\build\swc\options.js
- C:\Projects\raj-erp\frontend\node_modules\next\dist\build\swc\index.js
- C:\Projects\raj-erp\frontend\node_modules\next\dist\build\next-config-ts\transpile-config.js
- C:\Projects\raj-erp\frontend\node_modules\next\dist\server\config.js
- C:\Projects\raj-erp\frontend\node_modules\next\dist\server\next.js
- C:\Projects\raj-erp\frontend\node_modules\next\dist\server\lib\start-server.js
    at <unknown> (C:\Projects\raj-erp\frontend\.next\server\app\accounts\ledgers\page.js:2:7479)
    at Object.<anonymous> (C:\Projects\raj-erp\frontend\.next\server\app\accounts\ledgers\page.js:2:7529) {
  code: 'MODULE_NOT_FOUND',
  requireStack: [Array],
  page: '/accounts/ledgers'
}
 ⨯ Error: Cannot find module './548.js'
Require stack:
- C:\Projects\raj-erp\frontend\.next\server\webpack-runtime.js
- C:\Projects\raj-erp\frontend\.next\server\app\_not-found\page.js
- C:\Projects\raj-erp\frontend\node_modules\next\dist\server\require.js
- C:\Projects\raj-erp\frontend\node_modules\next\dist\server\load-components.js
- C:\Projects\raj-erp\frontend\node_modules\next\dist\build\utils.js
- C:\Projects\raj-erp\frontend\node_modules\next\dist\build\swc\options.js
- C:\Projects\raj-erp\frontend\node_modules\next\dist\build\swc\index.js
- C:\Projects\raj-erp\frontend\node_modules\next\dist\build\next-config-ts\transpile-config.js
- C:\Projects\raj-erp\frontend\node_modules\next\dist\server\config.js
- C:\Projects\raj-erp\frontend\node_modules\next\dist\server\next.js
- C:\Projects\raj-erp\frontend\node_modules\next\dist\server\lib\start-server.js
    at <unknown> (C:\Projects\raj-erp\frontend\.next\server\pages\_document.js:1:325)
    at Object.<anonymous> (C:\Projects\raj-erp\frontend\.next\server\pages\_document.js:1:371) {
  code: 'MODULE_NOT_FOUND',
  requireStack: [Array]
}
 ⨯ Error: Cannot find module './186.js'
Require stack:
- C:\Projects\raj-erp\frontend\.next\server\webpack-runtime.js
- C:\Projects\raj-erp\frontend\.next\server\app\_not-found\page.js
- C:\Projects\raj-erp\frontend\node_modules\next\dist\server\require.js
- C:\Projects\raj-erp\frontend\node_modules\next\dist\server\load-components.js
- C:\Projects\raj-erp\frontend\node_modules\next\dist\build\utils.js
- C:\Projects\raj-erp\frontend\node_modules\next\dist\build\swc\options.js
- C:\Projects\raj-erp\frontend\node_modules\next\dist\build\swc\index.js
- C:\Projects\raj-erp\frontend\node_modules\next\dist\build\next-config-ts\transpile-config.js
- C:\Projects\raj-erp\frontend\node_modules\next\dist\server\config.js
- C:\Projects\raj-erp\frontend\node_modules\next\dist\server\next.js
- C:\Projects\raj-erp\frontend\node_modules\next\dist\server\lib\start-server.js
    at <unknown> (C:\Projects\raj-erp\frontend\.next\server\app\accounts\ledgers\page.js:2:7479)
    at Object.<anonymous> (C:\Projects\raj-erp\frontend\.next\server\app\accounts\ledgers\page.js:2:7529) {
  code: 'MODULE_NOT_FOUND',
  requireStack: [Array],
  page: '/accounts/ledgers'
}
 ⨯ Error: Cannot find module './548.js'
Require stack:
- C:\Projects\raj-erp\frontend\.next\server\webpack-runtime.js
- C:\Projects\raj-erp\frontend\.next\server\app\_not-found\page.js
- C:\Projects\raj-erp\frontend\node_modules\next\dist\server\require.js
- C:\Projects\raj-erp\frontend\node_modules\next\dist\server\load-components.js
- C:\Projects\raj-erp\frontend\node_modules\next\dist\build\utils.js
- C:\Projects\raj-erp\frontend\node_modules\next\dist\build\swc\options.js
- C:\Projects\raj-erp\frontend\node_modules\next\dist\build\swc\index.js
- C:\Projects\raj-erp\frontend\node_modules\next\dist\build\next-config-ts\transpile-config.js
- C:\Projects\raj-erp\frontend\node_modules\next\dist\server\config.js
- C:\Projects\raj-erp\frontend\node_modules\next\dist\server\next.js
- C:\Projects\raj-erp\frontend\node_modules\next\dist\server\lib\start-server.js
    at <unknown> (C:\Projects\raj-erp\frontend\.next\server\pages\_document.js:1:325)
    at Object.<anonymous> (C:\Projects\raj-erp\frontend\.next\server\pages\_document.js:1:371) {
  code: 'MODULE_NOT_FOUND',
  requireStack: [Array]
}
 ⨯ [TypeError: __webpack_modules__[moduleId] is not a function] {
  digest: '2791537879'
}
[TypeError: __webpack_modules__[moduleId] is not a function]
 ⨯ [TypeError: __webpack_modules__[moduleId] is not a function]
 ⨯ [TypeError: __webpack_modules__[moduleId] is not a function]
 ⨯ [TypeError: __webpack_modules__[moduleId] is not a function] {
  digest: '2791537879'
}
[TypeError: __webpack_modules__[moduleId] is not a function]
 ⨯ [TypeError: __webpack_modules__[moduleId] is not a function]
 ⨯ [TypeError: __webpack_modules__[moduleId] is not a function]
 ⨯ [TypeError: __webpack_modules__[moduleId] is not a function] {
  digest: '2791537879'
}
[TypeError: __webpack_modules__[moduleId] is not a function]
 ⨯ [TypeError: __webpack_modules__[moduleId] is not a function]
 ⨯ [TypeError: __webpack_modules__[moduleId] is not a function]
 ⨯ [TypeError: __webpack_modules__[moduleId] is not a function] {
  digest: '2791537879'
}
[TypeError: __webpack_modules__[moduleId] is not a function]
 ⨯ [TypeError: __webpack_modules__[moduleId] is not a function]
 ⨯ [TypeError: __webpack_modules__[moduleId] is not a function]
 ⨯ [TypeError: __webpack_modules__[moduleId] is not a function] {
  digest: '2791537879'
}
[TypeError: __webpack_modules__[moduleId] is not a function]
 ⨯ [TypeError: __webpack_modules__[moduleId] is not a function]
 ⨯ [TypeError: __webpack_modules__[moduleId] is not a function]
 ⨯ Error: Cannot find module './186.js'
Require stack:
- C:\Projects\raj-erp\frontend\.next\server\webpack-runtime.js
- C:\Projects\raj-erp\frontend\.next\server\app\_not-found\page.js
- C:\Projects\raj-erp\frontend\node_modules\next\dist\server\require.js
- C:\Projects\raj-erp\frontend\node_modules\next\dist\server\load-components.js
- C:\Projects\raj-erp\frontend\node_modules\next\dist\build\utils.js
- C:\Projects\raj-erp\frontend\node_modules\next\dist\build\swc\options.js
- C:\Projects\raj-erp\frontend\node_modules\next\dist\build\swc\index.js
- C:\Projects\raj-erp\frontend\node_modules\next\dist\build\next-config-ts\transpile-config.js
- C:\Projects\raj-erp\frontend\node_modules\next\dist\server\config.js
- C:\Projects\raj-erp\frontend\node_modules\next\dist\server\next.js
- C:\Projects\raj-erp\frontend\node_modules\next\dist\server\lib\start-server.js
    at <unknown> (C:\Projects\raj-erp\frontend\.next\server\app\accounts\ledgers\page.js:2:7479)
    at Object.<anonymous> (C:\Projects\raj-erp\frontend\.next\server\app\accounts\ledgers\page.js:2:7529) {
  code: 'MODULE_NOT_FOUND',
  requireStack: [Array],
  page: '/accounts/ledgers'
}
 ⨯ Error: Cannot find module './548.js'
Require stack:
- C:\Projects\raj-erp\frontend\.next\server\webpack-runtime.js
- C:\Projects\raj-erp\frontend\.next\server\app\_not-found\page.js
- C:\Projects\raj-erp\frontend\node_modules\next\dist\server\require.js
- C:\Projects\raj-erp\frontend\node_modules\next\dist\server\load-components.js
- C:\Projects\raj-erp\frontend\node_modules\next\dist\build\utils.js
- C:\Projects\raj-erp\frontend\node_modules\next\dist\build\swc\options.js
- C:\Projects\raj-erp\frontend\node_modules\next\dist\build\swc\index.js
- C:\Projects\raj-erp\frontend\node_modules\next\dist\build\next-config-ts\transpile-config.js
- C:\Projects\raj-erp\frontend\node_modules\next\dist\server\config.js
- C:\Projects\raj-erp\frontend\node_modules\next\dist\server\next.js
- C:\Projects\raj-erp\frontend\node_modules\next\dist\server\lib\start-server.js
    at <unknown> (C:\Projects\raj-erp\frontend\.next\server\pages\_document.js:1:325)
    at Object.<anonymous> (C:\Projects\raj-erp\frontend\.next\server\pages\_document.js:1:371) {
  code: 'MODULE_NOT_FOUND',
  requireStack: [Array]
}
 ⨯ [TypeError: __webpack_modules__[moduleId] is not a function] {
  digest: '2791537879'
}
[TypeError: __webpack_modules__[moduleId] is not a function]
 ⨯ [TypeError: __webpack_modules__[moduleId] is not a function]
 ⨯ [TypeError: __webpack_modules__[moduleId] is not a function]
 ⨯ [TypeError: __webpack_modules__[moduleId] is not a function] {
  digest: '2791537879'
}
[TypeError: __webpack_modules__[moduleId] is not a function]
 ⨯ [TypeError: __webpack_modules__[moduleId] is not a function]
 ⨯ [TypeError: __webpack_modules__[moduleId] is not a function]
 ⨯ [TypeError: __webpack_modules__[moduleId] is not a function] {
  digest: '2791537879'
}
[TypeError: __webpack_modules__[moduleId] is not a function]
 ⨯ [TypeError: __webpack_modules__[moduleId] is not a function]
 ⨯ [TypeError: __webpack_modules__[moduleId] is not a function]
 ⨯ [TypeError: __webpack_modules__[moduleId] is not a function] {
  digest: '2791537879'
}
[TypeError: __webpack_modules__[moduleId] is not a function]
 ⨯ [TypeError: __webpack_modules__[moduleId] is not a function]
 ⨯ [TypeError: __webpack_modules__[moduleId] is not a function]
 ⨯ [TypeError: __webpack_modules__[moduleId] is not a function] {
  digest: '2791537879'
}
[TypeError: __webpack_modules__[moduleId] is not a function]
 ⨯ [TypeError: __webpack_modules__[moduleId] is not a function]
 ⨯ [TypeError: __webpack_modules__[moduleId] is not a function]
 ⨯ Error: Cannot find module './186.js'
Require stack:
- C:\Projects\raj-erp\frontend\.next\server\webpack-runtime.js
- C:\Projects\raj-erp\frontend\.next\server\app\_not-found\page.js
- C:\Projects\raj-erp\frontend\node_modules\next\dist\server\require.js
- C:\Projects\raj-erp\frontend\node_modules\next\dist\server\load-components.js
- C:\Projects\raj-erp\frontend\node_modules\next\dist\build\utils.js
- C:\Projects\raj-erp\frontend\node_modules\next\dist\build\swc\options.js
- C:\Projects\raj-erp\frontend\node_modules\next\dist\build\swc\index.js
- C:\Projects\raj-erp\frontend\node_modules\next\dist\build\next-config-ts\transpile-config.js
- C:\Projects\raj-erp\frontend\node_modules\next\dist\server\config.js
- C:\Projects\raj-erp\frontend\node_modules\next\dist\server\next.js
- C:\Projects\raj-erp\frontend\node_modules\next\dist\server\lib\start-server.js
    at <unknown> (C:\Projects\raj-erp\frontend\.next\server\app\accounts\ledgers\page.js:2:7479)
    at Object.<anonymous> (C:\Projects\raj-erp\frontend\.next\server\app\accounts\ledgers\page.js:2:7529) {
  code: 'MODULE_NOT_FOUND',
  requireStack: [Array],
  page: '/accounts/ledgers'
}
 ⨯ Error: Cannot find module './548.js'
Require stack:
- C:\Projects\raj-erp\frontend\.next\server\webpack-runtime.js
- C:\Projects\raj-erp\frontend\.next\server\app\_not-found\page.js
- C:\Projects\raj-erp\frontend\node_modules\next\dist\server\require.js
- C:\Projects\raj-erp\frontend\node_modules\next\dist\server\load-components.js
- C:\Projects\raj-erp\frontend\node_modules\next\dist\build\utils.js
- C:\Projects\raj-erp\frontend\node_modules\next\dist\build\swc\options.js
- C:\Projects\raj-erp\frontend\node_modules\next\dist\build\swc\index.js
- C:\Projects\raj-erp\frontend\node_modules\next\dist\build\next-config-ts\transpile-config.js
- C:\Projects\raj-erp\frontend\node_modules\next\dist\server\config.js
- C:\Projects\raj-erp\frontend\node_modules\next\dist\server\next.js
- C:\Projects\raj-erp\frontend\node_modules\next\dist\server\lib\start-server.js
    at <unknown> (C:\Projects\raj-erp\frontend\.next\server\pages\_document.js:1:325)
    at Object.<anonymous> (C:\Projects\raj-erp\frontend\.next\server\pages\_document.js:1:371) {
  code: 'MODULE_NOT_FOUND',
  requireStack: [Array]
}
 ⨯ [TypeError: __webpack_modules__[moduleId] is not a function] {
  digest: '2791537879'
}
[TypeError: __webpack_modules__[moduleId] is not a function]
 ⨯ [TypeError: __webpack_modules__[moduleId] is not a function]
 ⨯ [TypeError: __webpack_modules__[moduleId] is not a function]
 ⨯ [TypeError: __webpack_modules__[moduleId] is not a function] {
  digest: '2791537879'
}
[TypeError: __webpack_modules__[moduleId] is not a function]
 ⨯ [TypeError: __webpack_modules__[moduleId] is not a function]
 ⨯ [TypeError: __webpack_modules__[moduleId] is not a function]
 ⨯ [TypeError: __webpack_modules__[moduleId] is not a function] {
  digest: '2791537879'
}
[TypeError: __webpack_modules__[moduleId] is not a function]
 ⨯ [TypeError: __webpack_modules__[moduleId] is not a function]
 ⨯ [TypeError: __webpack_modules__[moduleId] is not a function]
 ⨯ [TypeError: __webpack_modules__[moduleId] is not a function] {
  digest: '2791537879'
}
[TypeError: __webpack_modules__[moduleId] is not a function]
 ⨯ [TypeError: __webpack_modules__[moduleId] is not a function]
 ⨯ [TypeError: __webpack_modules__[moduleId] is not a function]
 ⨯ [TypeError: __webpack_modules__[moduleId] is not a function] {
  digest: '2791537879'
}
[TypeError: __webpack_modules__[moduleId] is not a function]
 ⨯ [TypeError: __webpack_modules__[moduleId] is not a function]
 ⨯ [TypeError: __webpack_modules__[moduleId] is not a function]
 ⨯ Error: Cannot find module './186.js'
Require stack:
- C:\Projects\raj-erp\frontend\.next\server\webpack-runtime.js
- C:\Projects\raj-erp\frontend\.next\server\app\_not-found\page.js
- C:\Projects\raj-erp\frontend\node_modules\next\dist\server\require.js
- C:\Projects\raj-erp\frontend\node_modules\next\dist\server\load-components.js
- C:\Projects\raj-erp\frontend\node_modules\next\dist\build\utils.js
- C:\Projects\raj-erp\frontend\node_modules\next\dist\build\swc\options.js
- C:\Projects\raj-erp\frontend\node_modules\next\dist\build\swc\index.js
- C:\Projects\raj-erp\frontend\node_modules\next\dist\build\next-config-ts\transpile-config.js
- C:\Projects\raj-erp\frontend\node_modules\next\dist\server\config.js
- C:\Projects\raj-erp\frontend\node_modules\next\dist\server\next.js
- C:\Projects\raj-erp\frontend\node_modules\next\dist\server\lib\start-server.js
    at <unknown> (C:\Projects\raj-erp\frontend\.next\server\app\accounts\ledgers\page.js:2:7479)
    at Object.<anonymous> (C:\Projects\raj-erp\frontend\.next\server\app\accounts\ledgers\page.js:2:7529) {
  code: 'MODULE_NOT_FOUND',
  requireStack: [Array],
  page: '/accounts/ledgers'
}
 ⨯ Error: Cannot find module './548.js'
Require stack:
- C:\Projects\raj-erp\frontend\.next\server\webpack-runtime.js
- C:\Projects\raj-erp\frontend\.next\server\app\_not-found\page.js
- C:\Projects\raj-erp\frontend\node_modules\next\dist\server\require.js
- C:\Projects\raj-erp\frontend\node_modules\next\dist\server\load-components.js
- C:\Projects\raj-erp\frontend\node_modules\next\dist\build\utils.js
- C:\Projects\raj-erp\frontend\node_modules\next\dist\build\swc\options.js
- C:\Projects\raj-erp\frontend\node_modules\next\dist\build\swc\index.js
- C:\Projects\raj-erp\frontend\node_modules\next\dist\build\next-config-ts\transpile-config.js
- C:\Projects\raj-erp\frontend\node_modules\next\dist\server\config.js
- C:\Projects\raj-erp\frontend\node_modules\next\dist\server\next.js
- C:\Projects\raj-erp\frontend\node_modules\next\dist\server\lib\start-server.js
    at <unknown> (C:\Projects\raj-erp\frontend\.next\server\pages\_document.js:1:325)
    at Object.<anonymous> (C:\Projects\raj-erp\frontend\.next\server\pages\_document.js:1:371) {
  code: 'MODULE_NOT_FOUND',
  requireStack: [Array]
}
 ⨯ Error: Cannot find module './186.js'
Require stack:
- C:\Projects\raj-erp\frontend\.next\server\webpack-runtime.js
- C:\Projects\raj-erp\frontend\.next\server\app\_not-found\page.js
- C:\Projects\raj-erp\frontend\node_modules\next\dist\server\require.js
- C:\Projects\raj-erp\frontend\node_modules\next\dist\server\load-components.js
- C:\Projects\raj-erp\frontend\node_modules\next\dist\build\utils.js
- C:\Projects\raj-erp\frontend\node_modules\next\dist\build\swc\options.js
- C:\Projects\raj-erp\frontend\node_modules\next\dist\build\swc\index.js
- C:\Projects\raj-erp\frontend\node_modules\next\dist\build\next-config-ts\transpile-config.js
- C:\Projects\raj-erp\frontend\node_modules\next\dist\server\config.js
- C:\Projects\raj-erp\frontend\node_modules\next\dist\server\next.js
- C:\Projects\raj-erp\frontend\node_modules\next\dist\server\lib\start-server.js
    at <unknown> (C:\Projects\raj-erp\frontend\.next\server\app\accounts\ledgers\page.js:2:7479)
    at Object.<anonymous> (C:\Projects\raj-erp\frontend\.next\server\app\accounts\ledgers\page.js:2:7529) {
  code: 'MODULE_NOT_FOUND',
  requireStack: [Array],
  page: '/accounts/ledgers'
}
 ⨯ Error: Cannot find module './548.js'
Require stack:
- C:\Projects\raj-erp\frontend\.next\server\webpack-runtime.js
- C:\Projects\raj-erp\frontend\.next\server\app\_not-found\page.js
- C:\Projects\raj-erp\frontend\node_modules\next\dist\server\require.js
- C:\Projects\raj-erp\frontend\node_modules\next\dist\server\load-components.js
- C:\Projects\raj-erp\frontend\node_modules\next\dist\build\utils.js
- C:\Projects\raj-erp\frontend\node_modules\next\dist\build\swc\options.js
- C:\Projects\raj-erp\frontend\node_modules\next\dist\build\swc\index.js
- C:\Projects\raj-erp\frontend\node_modules\next\dist\build\next-config-ts\transpile-config.js
- C:\Projects\raj-erp\frontend\node_modules\next\dist\server\config.js
- C:\Projects\raj-erp\frontend\node_modules\next\dist\server\next.js
- C:\Projects\raj-erp\frontend\node_modules\next\dist\server\lib\start-server.js
    at <unknown> (C:\Projects\raj-erp\frontend\.next\server\pages\_document.js:1:325)
    at Object.<anonymous> (C:\Projects\raj-erp\frontend\.next\server\pages\_document.js:1:371) {
  code: 'MODULE_NOT_FOUND',
  requireStack: [Array]
}
 ⨯ Error: Cannot find module './186.js'
Require stack:
- C:\Projects\raj-erp\frontend\.next\server\webpack-runtime.js
- C:\Projects\raj-erp\frontend\.next\server\app\_not-found\page.js
- C:\Projects\raj-erp\frontend\node_modules\next\dist\server\require.js
- C:\Projects\raj-erp\frontend\node_modules\next\dist\server\load-components.js
- C:\Projects\raj-erp\frontend\node_modules\next\dist\build\utils.js
- C:\Projects\raj-erp\frontend\node_modules\next\dist\build\swc\options.js
- C:\Projects\raj-erp\frontend\node_modules\next\dist\build\swc\index.js
- C:\Projects\raj-erp\frontend\node_modules\next\dist\build\next-config-ts\transpile-config.js
- C:\Projects\raj-erp\frontend\node_modules\next\dist\server\config.js
- C:\Projects\raj-erp\frontend\node_modules\next\dist\server\next.js
- C:\Projects\raj-erp\frontend\node_modules\next\dist\server\lib\start-server.js
    at <unknown> (C:\Projects\raj-erp\frontend\.next\server\app\accounts\ledgers\page.js:2:7479)
    at Object.<anonymous> (C:\Projects\raj-erp\frontend\.next\server\app\accounts\ledgers\page.js:2:7529) {
  code: 'MODULE_NOT_FOUND',
  requireStack: [Array],
  page: '/accounts/ledgers'
}
 ⨯ Error: Cannot find module './548.js'
Require stack:
- C:\Projects\raj-erp\frontend\.next\server\webpack-runtime.js
- C:\Projects\raj-erp\frontend\.next\server\app\_not-found\page.js
- C:\Projects\raj-erp\frontend\node_modules\next\dist\server\require.js
- C:\Projects\raj-erp\frontend\node_modules\next\dist\server\load-components.js
- C:\Projects\raj-erp\frontend\node_modules\next\dist\build\utils.js
- C:\Projects\raj-erp\frontend\node_modules\next\dist\build\swc\options.js
- C:\Projects\raj-erp\frontend\node_modules\next\dist\build\swc\index.js
- C:\Projects\raj-erp\frontend\node_modules\next\dist\build\next-config-ts\transpile-config.js
- C:\Projects\raj-erp\frontend\node_modules\next\dist\server\config.js
- C:\Projects\raj-erp\frontend\node_modules\next\dist\server\next.js
- C:\Projects\raj-erp\frontend\node_modules\next\dist\server\lib\start-server.js
    at <unknown> (C:\Projects\raj-erp\frontend\.next\server\pages\_document.js:1:325)
    at Object.<anonymous> (C:\Projects\raj-erp\frontend\.next\server\pages\_document.js:1:371) {
  code: 'MODULE_NOT_FOUND',
  requireStack: [Array]
}
 ⨯ [TypeError: __webpack_modules__[moduleId] is not a function] {
  digest: '2791537879'
}
[TypeError: __webpack_modules__[moduleId] is not a function]
 ⨯ [TypeError: __webpack_modules__[moduleId] is not a function]
